BLDEA-CSE@DESKTOP-GT4620C MINGW64 /
$ cd D:

BLDEA-CSE@DESKTOP-GT4620C MINGW64 /d (master)
$ mkdir exp9

BLDEA-CSE@DESKTOP-GT4620C MINGW64 /d (master)
$ cd exp9

BLDEA-CSE@DESKTOP-GT4620C MINGW64 /d/exp9 (master)
$ git init
Initialized empty Git repository in D:/exp9/.git/

BLDEA-CSE@DESKTOP-GT4620C MINGW64 /d/exp9 (master)
$ nano 9exp.txt

BLDEA-CSE@DESKTOP-GT4620C MINGW64 /d/exp9 (master)
$ git add .
warning: in the working copy of '9exp.txt', LF will be replaced by CRLF the next time Git touches it

BLDEA-CSE@DESKTOP-GT4620C MINGW64 /d/exp9 (master)
$ git commit -m "firstcommit"
[master (root-commit) 864f696] firstcommit
 1 file changed, 3 insertions(+)
 create mode 100644 9exp.txt

BLDEA-CSE@DESKTOP-GT4620C MINGW64 /d/exp9 (master)
$ git status
On branch master
nothing to commit, working tree clean

BLDEA-CSE@DESKTOP-GT4620C MINGW64 /d/exp9 (master)
$ nano 9exp.txt

BLDEA-CSE@DESKTOP-GT4620C MINGW64 /d/exp9 (master)
$ git add .
warning: in the working copy of '9exp.txt', LF will be replaced by CRLF the next time Git touches it

BLDEA-CSE@DESKTOP-GT4620C MINGW64 /d/exp9 (master)
$ git commit -m "secondcommit"
[master 140d4e9] secondcommit
 1 file changed, 1 insertion(+)

BLDEA-CSE@DESKTOP-GT4620C MINGW64 /d/exp9 (master)
$ git status
On branch master
nothing to commit, working tree clean

BLDEA-CSE@DESKTOP-GT4620C MINGW64 /d/exp9 (master)
$ nano 9exp.txt

BLDEA-CSE@DESKTOP-GT4620C MINGW64 /d/exp9 (master)
$ git add .
warning: in the working copy of '9exp.txt', LF will be replaced by CRLF the next time Git touches it

BLDEA-CSE@DESKTOP-GT4620C MINGW64 /d/exp9 (master)
$ git commit -m "thirdcommit"
[master a1c97e9] thirdcommit
 1 file changed, 1 insertion(+)

BLDEA-CSE@DESKTOP-GT4620C MINGW64 /d/exp9 (master)
$ git status
On branch master
nothing to commit, working tree clean

BLDEA-CSE@DESKTOP-GT4620C MINGW64 /d/exp9 (master)
$ nano 9exp.txt

BLDEA-CSE@DESKTOP-GT4620C MINGW64 /d/exp9 (master)
$ git add .
warning: in the working copy of '9exp.txt', LF will be replaced by CRLF the next time Git touches it

BLDEA-CSE@DESKTOP-GT4620C MINGW64 /d/exp9 (master)
$ git commit -m "fourthcommit"
[master f5177f6] fourthcommit
 1 file changed, 1 insertion(+)

BLDEA-CSE@DESKTOP-GT4620C MINGW64 /d/exp9 (master)
$ git status
On branch master
nothing to commit, working tree clean

BLDEA-CSE@DESKTOP-GT4620C MINGW64 /d/exp9 (master)
$ nano 9exp.txt

BLDEA-CSE@DESKTOP-GT4620C MINGW64 /d/exp9 (master)
$ git add .
warning: in the working copy of '9exp.txt', LF will be replaced by CRLF the next time Git touches it

BLDEA-CSE@DESKTOP-GT4620C MINGW64 /d/exp9 (master)
$ git commit -m "fifthcommit"
[master 1d786c1] fifthcommit
 1 file changed, 1 insertion(+)

BLDEA-CSE@DESKTOP-GT4620C MINGW64 /d/exp9 (master)
$ git status
On branch master
nothing to commit, working tree clean

BLDEA-CSE@DESKTOP-GT4620C MINGW64 /d/exp9 (master)
$ git log
commit 1d786c12f1079b05503fc679608a3e6367cb1a5e (HEAD -> master)
Author: unknown <mallikarjunpurani782@gmail.com>
Date:   Wed Nov 6 09:58:23 2024 +0530

    fifthcommit

commit f5177f6608622a495d88e54a563fd25913475fe1
Author: unknown <mallikarjunpurani782@gmail.com>
Date:   Wed Nov 6 09:57:26 2024 +0530

    fourthcommit

commit a1c97e96c80eb335a7741c3351019b625ba1caaa
Author: unknown <mallikarjunpurani782@gmail.com>
Date:   Wed Nov 6 09:56:30 2024 +0530

    thirdcommit

commit 140d4e9c52a85285180c1583480b5147ecb2269d
Author: unknown <mallikarjunpurani782@gmail.com>
Date:   Wed Nov 6 09:55:24 2024 +0530

    secondcommit

commit 864f696bbcfdead5142bc4c5fb6290452335991a
Author: unknown <mallikarjunpurani782@gmail.com>
Date:   Wed Nov 6 09:52:49 2024 +0530

    firstcommit

BLDEA-CSE@DESKTOP-GT4620C MINGW64 /d/exp9 (master)
$ git config --list
diff.astextplain.textconv=astextplain
filter.lfs.clean=git-lfs clean -- %f
filter.lfs.smudge=git-lfs smudge -- %f
filter.lfs.process=git-lfs filter-process
filter.lfs.required=true
http.sslbackend=openssl
http.sslcainfo=C:/Program Files/Git/mingw64/etc/ssl/certs/ca-bundle.crt
core.autocrlf=true
core.fscache=true
core.symlinks=false
pull.rebase=false
credential.helper=manager
credential.https://dev.azure.com.usehttppath=true
init.defaultbranch=master
safe.directory=D:/
user.password=49222510@Vk.
user.email=mallikarjunpurani782@gmail.com
core.repositoryformatversion=0
core.filemode=false
core.bare=false
core.logallrefupdates=true
core.symlinks=false
core.ignorecase=true

BLDEA-CSE@DESKTOP-GT4620C MINGW64 /d/exp9 (master)
$ .password=49222510@Vk.
user.email=mallikarjunpurani782@gmail.com
bash: .password=49222510@Vk.: command not found
bash: user.email=mallikarjunpurani782@gmail.com: command not found

BLDEA-CSE@DESKTOP-GT4620C MINGW64 /d/exp9 (master)
$ git show  864f696bbcfdead5142bc4c5fb6290452335991a
commit 864f696bbcfdead5142bc4c5fb6290452335991a
Author: unknown <mallikarjunpurani782@gmail.com>
Date:   Wed Nov 6 09:52:49 2024 +0530

    firstcommit

diff --git a/9exp.txt b/9exp.txt
new file mode 100644
index 0000000..ce07bbf
--- /dev/null
+++ b/9exp.txt
@@ -0,0 +1,3 @@
+good morning
+welcome to git lab
+analysing and changing git history

BLDEA-CSE@DESKTOP-GT4620C MINGW64 /d/exp9 (master)
$
